<?xml version="1.0" encoding="UTF-8"?>
<TestRun id="bead01a2-65af-44b4-a008-27dceb465525" name="Oenning@NOTE-OENNING 2012-01-06 19:05:40" runUser="NOTE-OENNING\Oenning" xmlns="http://microsoft.com/schemas/VisualStudio/TeamTest/2010">
  <TestSettings name="Local" id="3ccb19e4-2ff2-4feb-b29a-2b56c8827e2e">
    <Description>These are default test settings for a local test run.</Description>
    <Deployment enabled="false" runDeploymentRoot="Oenning_NOTE-OENNING 2012-01-06 19_05_40">
      <DeploymentItem filename="C:\Oenning\Projetos\On GitHub\GeekStuff-Blog-Posts\2012-01-07 - Named String Format\NamedStringFormat\bin\Debug\NamedStringFormat.dll" />
    </Deployment>
    <Execution>
      <TestTypeSpecific />
      <AgentRule name="Execution Agents">
      </AgentRule>
    </Execution>
  </TestSettings>
  <Times creation="2012-01-06T19:05:40.2526000-02:00" queuing="2012-01-06T19:05:41.9346000-02:00" start="2012-01-06T19:05:42.0926000-02:00" finish="2012-01-06T19:05:43.1226000-02:00" />
  <ResultSummary outcome="Completed">
    <Counters total="10" executed="10" passed="10" error="0" failed="0" timeout="0" aborted="0" inconclusive="0" passedButRunAborted="0" notRunnable="0" notExecuted="0" disconnected="0" warning="0" completed="0" inProgress="0" pending="0" />
  </ResultSummary>
  <TestDefinitions>
    <UnitTest name="SinglePaddingFormat" storage="c:\oenning\projetos\on github\geekstuff-blog-posts\2012-01-07 - named string format\test\bin\debug\test.dll" id="3ba51edb-9636-fdd0-f13d-d909b3683872">
      <Execution id="b3351457-7096-4dce-83ce-47053c26a279" />
      <TestMethod codeBase="C:/Oenning/Projetos/On GitHub/GeekStuff-Blog-Posts/2012-01-07 - Named String Format/Test/bin/Debug/Test.DLL" adapterTypeName="Microsoft.VisualStudio.TestTools.TestTypes.Unit.UnitTestAdapter, Microsoft.VisualStudio.QualityTools.Tips.UnitTest.Adapter, Version=10.0.0.0, Culture=neutral, PublicKeyToken=b03f5f7f11d50a3a" className="Test.FormatInjectTest, Test, Version=1.0.0.0, Culture=neutral, PublicKeyToken=null" name="SinglePaddingFormat" />
    </UnitTest>
    <UnitTest name="NumberFormat" storage="c:\oenning\projetos\on github\geekstuff-blog-posts\2012-01-07 - named string format\test\bin\debug\test.dll" id="6b0ff5b7-4ffe-4d72-486f-8abbbadf2572">
      <Execution id="09cde95a-4cfc-44d4-a395-f776617c0ab9" />
      <TestMethod codeBase="C:/Oenning/Projetos/On GitHub/GeekStuff-Blog-Posts/2012-01-07 - Named String Format/Test/bin/Debug/Test.DLL" adapterTypeName="Microsoft.VisualStudio.TestTools.TestTypes.Unit.UnitTestAdapter, Microsoft.VisualStudio.QualityTools.Tips.UnitTest.Adapter, Version=10.0.0.0, Culture=neutral, PublicKeyToken=b03f5f7f11d50a3a" className="Test.FormatInjectTest, Test, Version=1.0.0.0, Culture=neutral, PublicKeyToken=null" name="NumberFormat" />
    </UnitTest>
    <UnitTest name="MixPaddingAndCurrencyFormat" storage="c:\oenning\projetos\on github\geekstuff-blog-posts\2012-01-07 - named string format\test\bin\debug\test.dll" id="29d86e43-e91e-714d-2219-008a0475a760">
      <Execution id="c4685cb7-06e3-4edf-877b-547f4f5f3956" />
      <TestMethod codeBase="C:/Oenning/Projetos/On GitHub/GeekStuff-Blog-Posts/2012-01-07 - Named String Format/Test/bin/Debug/Test.DLL" adapterTypeName="Microsoft.VisualStudio.TestTools.TestTypes.Unit.UnitTestAdapter, Microsoft.VisualStudio.QualityTools.Tips.UnitTest.Adapter, Version=10.0.0.0, Culture=neutral, PublicKeyToken=b03f5f7f11d50a3a" className="Test.FormatInjectTest, Test, Version=1.0.0.0, Culture=neutral, PublicKeyToken=null" name="MixPaddingAndCurrencyFormat" />
    </UnitTest>
    <UnitTest name="SingleParameterFormat" storage="c:\oenning\projetos\on github\geekstuff-blog-posts\2012-01-07 - named string format\test\bin\debug\test.dll" id="747087df-a23c-ffdb-c39c-9d4985cb2476">
      <Execution id="a5b0c239-5956-48a0-8b72-6d58aa3c2672" />
      <TestMethod codeBase="C:/Oenning/Projetos/On GitHub/GeekStuff-Blog-Posts/2012-01-07 - Named String Format/Test/bin/Debug/Test.DLL" adapterTypeName="Microsoft.VisualStudio.TestTools.TestTypes.Unit.UnitTestAdapter, Microsoft.VisualStudio.QualityTools.Tips.UnitTest.Adapter, Version=10.0.0.0, Culture=neutral, PublicKeyToken=b03f5f7f11d50a3a" className="Test.FormatInjectTest, Test, Version=1.0.0.0, Culture=neutral, PublicKeyToken=null" name="SingleParameterFormat" />
    </UnitTest>
    <UnitTest name="CurrencyFormat" storage="c:\oenning\projetos\on github\geekstuff-blog-posts\2012-01-07 - named string format\test\bin\debug\test.dll" id="05fbd0cd-ab24-51c8-1fc0-71a02de18622">
      <Execution id="fae9cea1-e5bb-48c8-a51b-753629cd9c98" />
      <TestMethod codeBase="C:/Oenning/Projetos/On GitHub/GeekStuff-Blog-Posts/2012-01-07 - Named String Format/Test/bin/Debug/Test.DLL" adapterTypeName="Microsoft.VisualStudio.TestTools.TestTypes.Unit.UnitTestAdapter, Microsoft.VisualStudio.QualityTools.Tips.UnitTest.Adapter, Version=10.0.0.0, Culture=neutral, PublicKeyToken=b03f5f7f11d50a3a" className="Test.FormatInjectTest, Test, Version=1.0.0.0, Culture=neutral, PublicKeyToken=null" name="CurrencyFormat" />
    </UnitTest>
    <UnitTest name="DoubleParameterFormat" storage="c:\oenning\projetos\on github\geekstuff-blog-posts\2012-01-07 - named string format\test\bin\debug\test.dll" id="19aedbce-7838-f128-7250-c42c4d7d7b7f">
      <Execution id="1e4b4e93-9704-4cfd-b059-53cdad84c964" />
      <TestMethod codeBase="C:/Oenning/Projetos/On GitHub/GeekStuff-Blog-Posts/2012-01-07 - Named String Format/Test/bin/Debug/Test.DLL" adapterTypeName="Microsoft.VisualStudio.TestTools.TestTypes.Unit.UnitTestAdapter, Microsoft.VisualStudio.QualityTools.Tips.UnitTest.Adapter, Version=10.0.0.0, Culture=neutral, PublicKeyToken=b03f5f7f11d50a3a" className="Test.FormatInjectTest, Test, Version=1.0.0.0, Culture=neutral, PublicKeyToken=null" name="DoubleParameterFormat" />
    </UnitTest>
    <UnitTest name="AnotherCultureCurrencyFormat" storage="c:\oenning\projetos\on github\geekstuff-blog-posts\2012-01-07 - named string format\test\bin\debug\test.dll" id="e520cd88-8faf-6da4-1d27-407db9fd0187">
      <Execution id="d9e37d94-c8e5-4bdd-b7e5-a48bf72e4370" />
      <TestMethod codeBase="C:/Oenning/Projetos/On GitHub/GeekStuff-Blog-Posts/2012-01-07 - Named String Format/Test/bin/Debug/Test.DLL" adapterTypeName="Microsoft.VisualStudio.TestTools.TestTypes.Unit.UnitTestAdapter, Microsoft.VisualStudio.QualityTools.Tips.UnitTest.Adapter, Version=10.0.0.0, Culture=neutral, PublicKeyToken=b03f5f7f11d50a3a" className="Test.FormatInjectTest, Test, Version=1.0.0.0, Culture=neutral, PublicKeyToken=null" name="AnotherCultureCurrencyFormat" />
    </UnitTest>
    <UnitTest name="TwoAdvancedParametersFormat" storage="c:\oenning\projetos\on github\geekstuff-blog-posts\2012-01-07 - named string format\test\bin\debug\test.dll" id="fc8e1b13-aeaf-4f21-e4ba-479dbb87256a">
      <Execution id="92dadfd7-2a5a-480d-8ab6-a4c9669eadfc" />
      <TestMethod codeBase="C:/Oenning/Projetos/On GitHub/GeekStuff-Blog-Posts/2012-01-07 - Named String Format/Test/bin/Debug/Test.DLL" adapterTypeName="Microsoft.VisualStudio.TestTools.TestTypes.Unit.UnitTestAdapter, Microsoft.VisualStudio.QualityTools.Tips.UnitTest.Adapter, Version=10.0.0.0, Culture=neutral, PublicKeyToken=b03f5f7f11d50a3a" className="Test.FormatInjectTest, Test, Version=1.0.0.0, Culture=neutral, PublicKeyToken=null" name="TwoAdvancedParametersFormat" />
    </UnitTest>
    <UnitTest name="DateFormat" storage="c:\oenning\projetos\on github\geekstuff-blog-posts\2012-01-07 - named string format\test\bin\debug\test.dll" id="d332fcb5-4dfb-86d4-9497-207c81e194a4">
      <Execution id="4e9d8367-a6db-4db7-8e7a-fe85857954e4" />
      <TestMethod codeBase="C:/Oenning/Projetos/On GitHub/GeekStuff-Blog-Posts/2012-01-07 - Named String Format/Test/bin/Debug/Test.DLL" adapterTypeName="Microsoft.VisualStudio.TestTools.TestTypes.Unit.UnitTestAdapter, Microsoft.VisualStudio.QualityTools.Tips.UnitTest.Adapter, Version=10.0.0.0, Culture=neutral, PublicKeyToken=b03f5f7f11d50a3a" className="Test.FormatInjectTest, Test, Version=1.0.0.0, Culture=neutral, PublicKeyToken=null" name="DateFormat" />
    </UnitTest>
    <UnitTest name="NoFormat" storage="c:\oenning\projetos\on github\geekstuff-blog-posts\2012-01-07 - named string format\test\bin\debug\test.dll" id="302454c6-de61-30f3-6529-852c429d8404">
      <Execution id="b42623cf-81b3-4fbb-9a36-c658b061c7c6" />
      <TestMethod codeBase="C:/Oenning/Projetos/On GitHub/GeekStuff-Blog-Posts/2012-01-07 - Named String Format/Test/bin/Debug/Test.DLL" adapterTypeName="Microsoft.VisualStudio.TestTools.TestTypes.Unit.UnitTestAdapter, Microsoft.VisualStudio.QualityTools.Tips.UnitTest.Adapter, Version=10.0.0.0, Culture=neutral, PublicKeyToken=b03f5f7f11d50a3a" className="Test.FormatInjectTest, Test, Version=1.0.0.0, Culture=neutral, PublicKeyToken=null" name="NoFormat" />
    </UnitTest>
  </TestDefinitions>
  <TestLists>
    <TestList name="Results Not in a List" id="8c84fa94-04c1-424b-9868-57a2d4851a1d" />
    <TestList name="All Loaded Results" id="19431567-8539-422a-85d7-44ee4e166bda" />
  </TestLists>
  <TestEntries>
    <TestEntry testId="05fbd0cd-ab24-51c8-1fc0-71a02de18622" executionId="fae9cea1-e5bb-48c8-a51b-753629cd9c98" testListId="8c84fa94-04c1-424b-9868-57a2d4851a1d" />
    <TestEntry testId="19aedbce-7838-f128-7250-c42c4d7d7b7f" executionId="1e4b4e93-9704-4cfd-b059-53cdad84c964" testListId="8c84fa94-04c1-424b-9868-57a2d4851a1d" />
    <TestEntry testId="29d86e43-e91e-714d-2219-008a0475a760" executionId="c4685cb7-06e3-4edf-877b-547f4f5f3956" testListId="8c84fa94-04c1-424b-9868-57a2d4851a1d" />
    <TestEntry testId="302454c6-de61-30f3-6529-852c429d8404" executionId="b42623cf-81b3-4fbb-9a36-c658b061c7c6" testListId="8c84fa94-04c1-424b-9868-57a2d4851a1d" />
    <TestEntry testId="3ba51edb-9636-fdd0-f13d-d909b3683872" executionId="b3351457-7096-4dce-83ce-47053c26a279" testListId="8c84fa94-04c1-424b-9868-57a2d4851a1d" />
    <TestEntry testId="6b0ff5b7-4ffe-4d72-486f-8abbbadf2572" executionId="09cde95a-4cfc-44d4-a395-f776617c0ab9" testListId="8c84fa94-04c1-424b-9868-57a2d4851a1d" />
    <TestEntry testId="747087df-a23c-ffdb-c39c-9d4985cb2476" executionId="a5b0c239-5956-48a0-8b72-6d58aa3c2672" testListId="8c84fa94-04c1-424b-9868-57a2d4851a1d" />
    <TestEntry testId="d332fcb5-4dfb-86d4-9497-207c81e194a4" executionId="4e9d8367-a6db-4db7-8e7a-fe85857954e4" testListId="8c84fa94-04c1-424b-9868-57a2d4851a1d" />
    <TestEntry testId="e520cd88-8faf-6da4-1d27-407db9fd0187" executionId="d9e37d94-c8e5-4bdd-b7e5-a48bf72e4370" testListId="8c84fa94-04c1-424b-9868-57a2d4851a1d" />
    <TestEntry testId="fc8e1b13-aeaf-4f21-e4ba-479dbb87256a" executionId="92dadfd7-2a5a-480d-8ab6-a4c9669eadfc" testListId="8c84fa94-04c1-424b-9868-57a2d4851a1d" />
  </TestEntries>
  <Results>
    <UnitTestResult executionId="fae9cea1-e5bb-48c8-a51b-753629cd9c98" testId="05fbd0cd-ab24-51c8-1fc0-71a02de18622" testName="CurrencyFormat" computerName="NOTE-OENNING" duration="00:00:00.0283468" startTime="2012-01-06T19:05:42.1376000-02:00" endTime="2012-01-06T19:05:42.7946000-02:00" testType="13cdc9d9-ddb5-4fa4-a97d-d965ccfc6d4b" outcome="Passed" testListId="8c84fa94-04c1-424b-9868-57a2d4851a1d" relativeResultsDirectory="fae9cea1-e5bb-48c8-a51b-753629cd9c98">
    </UnitTestResult>
    <UnitTestResult executionId="1e4b4e93-9704-4cfd-b059-53cdad84c964" testId="19aedbce-7838-f128-7250-c42c4d7d7b7f" testName="DoubleParameterFormat" computerName="NOTE-OENNING" duration="00:00:00.0025629" startTime="2012-01-06T19:05:42.7996000-02:00" endTime="2012-01-06T19:05:42.8146000-02:00" testType="13cdc9d9-ddb5-4fa4-a97d-d965ccfc6d4b" outcome="Passed" testListId="8c84fa94-04c1-424b-9868-57a2d4851a1d" relativeResultsDirectory="1e4b4e93-9704-4cfd-b059-53cdad84c964">
    </UnitTestResult>
    <UnitTestResult executionId="c4685cb7-06e3-4edf-877b-547f4f5f3956" testId="29d86e43-e91e-714d-2219-008a0475a760" testName="MixPaddingAndCurrencyFormat" computerName="NOTE-OENNING" duration="00:00:00.0005489" startTime="2012-01-06T19:05:42.8206000-02:00" endTime="2012-01-06T19:05:42.8266000-02:00" testType="13cdc9d9-ddb5-4fa4-a97d-d965ccfc6d4b" outcome="Passed" testListId="8c84fa94-04c1-424b-9868-57a2d4851a1d" relativeResultsDirectory="c4685cb7-06e3-4edf-877b-547f4f5f3956">
    </UnitTestResult>
    <UnitTestResult executionId="b42623cf-81b3-4fbb-9a36-c658b061c7c6" testId="302454c6-de61-30f3-6529-852c429d8404" testName="NoFormat" computerName="NOTE-OENNING" duration="00:00:00.0003500" startTime="2012-01-06T19:05:42.8316000-02:00" endTime="2012-01-06T19:05:42.8416000-02:00" testType="13cdc9d9-ddb5-4fa4-a97d-d965ccfc6d4b" outcome="Passed" testListId="8c84fa94-04c1-424b-9868-57a2d4851a1d" relativeResultsDirectory="b42623cf-81b3-4fbb-9a36-c658b061c7c6">
    </UnitTestResult>
    <UnitTestResult executionId="b3351457-7096-4dce-83ce-47053c26a279" testId="3ba51edb-9636-fdd0-f13d-d909b3683872" testName="SinglePaddingFormat" computerName="NOTE-OENNING" duration="00:00:00.0015676" startTime="2012-01-06T19:05:42.8466000-02:00" endTime="2012-01-06T19:05:42.8526000-02:00" testType="13cdc9d9-ddb5-4fa4-a97d-d965ccfc6d4b" outcome="Passed" testListId="8c84fa94-04c1-424b-9868-57a2d4851a1d" relativeResultsDirectory="b3351457-7096-4dce-83ce-47053c26a279">
    </UnitTestResult>
    <UnitTestResult executionId="09cde95a-4cfc-44d4-a395-f776617c0ab9" testId="6b0ff5b7-4ffe-4d72-486f-8abbbadf2572" testName="NumberFormat" computerName="NOTE-OENNING" duration="00:00:00.0015662" startTime="2012-01-06T19:05:42.8586000-02:00" endTime="2012-01-06T19:05:42.8656000-02:00" testType="13cdc9d9-ddb5-4fa4-a97d-d965ccfc6d4b" outcome="Passed" testListId="8c84fa94-04c1-424b-9868-57a2d4851a1d" relativeResultsDirectory="09cde95a-4cfc-44d4-a395-f776617c0ab9">
    </UnitTestResult>
    <UnitTestResult executionId="a5b0c239-5956-48a0-8b72-6d58aa3c2672" testId="747087df-a23c-ffdb-c39c-9d4985cb2476" testName="SingleParameterFormat" computerName="NOTE-OENNING" duration="00:00:00.0015755" startTime="2012-01-06T19:05:42.8696000-02:00" endTime="2012-01-06T19:05:42.8766000-02:00" testType="13cdc9d9-ddb5-4fa4-a97d-d965ccfc6d4b" outcome="Passed" testListId="8c84fa94-04c1-424b-9868-57a2d4851a1d" relativeResultsDirectory="a5b0c239-5956-48a0-8b72-6d58aa3c2672">
    </UnitTestResult>
    <UnitTestResult executionId="4e9d8367-a6db-4db7-8e7a-fe85857954e4" testId="d332fcb5-4dfb-86d4-9497-207c81e194a4" testName="DateFormat" computerName="NOTE-OENNING" duration="00:00:00.0940268" startTime="2012-01-06T19:05:42.8816000-02:00" endTime="2012-01-06T19:05:42.9826000-02:00" testType="13cdc9d9-ddb5-4fa4-a97d-d965ccfc6d4b" outcome="Passed" testListId="8c84fa94-04c1-424b-9868-57a2d4851a1d" relativeResultsDirectory="4e9d8367-a6db-4db7-8e7a-fe85857954e4">
    </UnitTestResult>
    <UnitTestResult executionId="d9e37d94-c8e5-4bdd-b7e5-a48bf72e4370" testId="e520cd88-8faf-6da4-1d27-407db9fd0187" testName="AnotherCultureCurrencyFormat" computerName="NOTE-OENNING" duration="00:00:00.0019022" startTime="2012-01-06T19:05:42.9936000-02:00" endTime="2012-01-06T19:05:43.0106000-02:00" testType="13cdc9d9-ddb5-4fa4-a97d-d965ccfc6d4b" outcome="Passed" testListId="8c84fa94-04c1-424b-9868-57a2d4851a1d" relativeResultsDirectory="d9e37d94-c8e5-4bdd-b7e5-a48bf72e4370">
    </UnitTestResult>
    <UnitTestResult executionId="92dadfd7-2a5a-480d-8ab6-a4c9669eadfc" testId="fc8e1b13-aeaf-4f21-e4ba-479dbb87256a" testName="TwoAdvancedParametersFormat" computerName="NOTE-OENNING" duration="00:00:00.0025171" startTime="2012-01-06T19:05:43.0236000-02:00" endTime="2012-01-06T19:05:43.0326000-02:00" testType="13cdc9d9-ddb5-4fa4-a97d-d965ccfc6d4b" outcome="Passed" testListId="8c84fa94-04c1-424b-9868-57a2d4851a1d" relativeResultsDirectory="92dadfd7-2a5a-480d-8ab6-a4c9669eadfc">
    </UnitTestResult>
  </Results>
</TestRun>