<?xml version="1.0" encoding="UTF-8"?>
<TestRun id="6f2bddd9-e861-4e2c-bb24-b4403e0aeb18" name="Oenning@NOTE-OENNING 2012-01-06 19:22:33" runUser="NOTE-OENNING\Oenning" xmlns="http://microsoft.com/schemas/VisualStudio/TeamTest/2010">
  <TestSettings name="Local" id="3ccb19e4-2ff2-4feb-b29a-2b56c8827e2e">
    <Description>These are default test settings for a local test run.</Description>
    <Deployment enabled="false" runDeploymentRoot="Oenning_NOTE-OENNING 2012-01-06 19_22_33">
      <DeploymentItem filename="C:\Oenning\Projetos\On GitHub\GeekStuff-Blog-Posts\2012-01-07 - Named String Format\NamedStringFormat\bin\Debug\NamedStringFormat.dll" />
    </Deployment>
    <Execution>
      <TestTypeSpecific />
      <AgentRule name="Execution Agents">
      </AgentRule>
    </Execution>
  </TestSettings>
  <Times creation="2012-01-06T19:22:33.9900000-02:00" queuing="2012-01-06T19:22:34.0630000-02:00" start="2012-01-06T19:22:34.0800000-02:00" finish="2012-01-06T19:22:34.8660000-02:00" />
  <ResultSummary outcome="Completed">
    <Counters total="17" executed="17" passed="17" error="0" failed="0" timeout="0" aborted="0" inconclusive="0" passedButRunAborted="0" notRunnable="0" notExecuted="0" disconnected="0" warning="0" completed="0" inProgress="0" pending="0" />
  </ResultSummary>
  <TestDefinitions>
    <UnitTest name="SinglePaddingFormat" storage="c:\oenning\projetos\on github\geekstuff-blog-posts\2012-01-07 - named string format\test\bin\debug\test.dll" id="3ba51edb-9636-fdd0-f13d-d909b3683872">
      <Execution id="3091bd4e-660c-45f7-bd04-c82ac39bf734" />
      <TestMethod codeBase="C:/Oenning/Projetos/On GitHub/GeekStuff-Blog-Posts/2012-01-07 - Named String Format/Test/bin/Debug/Test.DLL" adapterTypeName="Microsoft.VisualStudio.TestTools.TestTypes.Unit.UnitTestAdapter, Microsoft.VisualStudio.QualityTools.Tips.UnitTest.Adapter, Version=10.0.0.0, Culture=neutral, PublicKeyToken=b03f5f7f11d50a3a" className="Test.FormatInjectTest, Test, Version=1.0.0.0, Culture=neutral, PublicKeyToken=null" name="SinglePaddingFormat" />
    </UnitTest>
    <UnitTest name="WhenPropertyIsNotFound_ItShouldNotThrowException" storage="c:\oenning\projetos\on github\geekstuff-blog-posts\2012-01-07 - named string format\test\bin\debug\test.dll" id="3c8b2445-ceff-a5a1-30e9-f7df110eb019">
      <Execution id="9197a00a-9022-4f50-91bf-0b7d34fb5820" />
      <TestMethod codeBase="C:/Oenning/Projetos/On GitHub/GeekStuff-Blog-Posts/2012-01-07 - Named String Format/Test/bin/Debug/Test.DLL" adapterTypeName="Microsoft.VisualStudio.TestTools.TestTypes.Unit.UnitTestAdapter, Microsoft.VisualStudio.QualityTools.Tips.UnitTest.Adapter, Version=10.0.0.0, Culture=neutral, PublicKeyToken=b03f5f7f11d50a3a" className="Test.FormatInjectTest, Test, Version=1.0.0.0, Culture=neutral, PublicKeyToken=null" name="WhenPropertyIsNotFound_ItShouldNotThrowException" />
    </UnitTest>
    <UnitTest name="NoFormat" storage="c:\oenning\projetos\on github\geekstuff-blog-posts\2012-01-07 - named string format\test\bin\debug\test.dll" id="302454c6-de61-30f3-6529-852c429d8404">
      <Execution id="f295d4ab-6978-47e5-a245-7cbf7976b3c5" />
      <TestMethod codeBase="C:/Oenning/Projetos/On GitHub/GeekStuff-Blog-Posts/2012-01-07 - Named String Format/Test/bin/Debug/Test.DLL" adapterTypeName="Microsoft.VisualStudio.TestTools.TestTypes.Unit.UnitTestAdapter, Microsoft.VisualStudio.QualityTools.Tips.UnitTest.Adapter, Version=10.0.0.0, Culture=neutral, PublicKeyToken=b03f5f7f11d50a3a" className="Test.FormatInjectTest, Test, Version=1.0.0.0, Culture=neutral, PublicKeyToken=null" name="NoFormat" />
    </UnitTest>
    <UnitTest name="ClassComplexPropertyWithPaddingFormat" storage="c:\oenning\projetos\on github\geekstuff-blog-posts\2012-01-07 - named string format\test\bin\debug\test.dll" id="ad91146c-b781-7ff8-a23b-e14a4ad6046e">
      <Execution id="f2d34f2d-f905-4500-b734-a0a1a4702ad0" />
      <TestMethod codeBase="C:/Oenning/Projetos/On GitHub/GeekStuff-Blog-Posts/2012-01-07 - Named String Format/Test/bin/Debug/Test.DLL" adapterTypeName="Microsoft.VisualStudio.TestTools.TestTypes.Unit.UnitTestAdapter, Microsoft.VisualStudio.QualityTools.Tips.UnitTest.Adapter, Version=10.0.0.0, Culture=neutral, PublicKeyToken=b03f5f7f11d50a3a" className="Test.FormatInjectTest, Test, Version=1.0.0.0, Culture=neutral, PublicKeyToken=null" name="ClassComplexPropertyWithPaddingFormat" />
    </UnitTest>
    <UnitTest name="ClassComplexPropertyFormat" storage="c:\oenning\projetos\on github\geekstuff-blog-posts\2012-01-07 - named string format\test\bin\debug\test.dll" id="794e9e06-3de2-c689-f459-651e631772fb">
      <Execution id="6add5b2b-9204-48bf-bc8e-77a52f3d3677" />
      <TestMethod codeBase="C:/Oenning/Projetos/On GitHub/GeekStuff-Blog-Posts/2012-01-07 - Named String Format/Test/bin/Debug/Test.DLL" adapterTypeName="Microsoft.VisualStudio.TestTools.TestTypes.Unit.UnitTestAdapter, Microsoft.VisualStudio.QualityTools.Tips.UnitTest.Adapter, Version=10.0.0.0, Culture=neutral, PublicKeyToken=b03f5f7f11d50a3a" className="Test.FormatInjectTest, Test, Version=1.0.0.0, Culture=neutral, PublicKeyToken=null" name="ClassComplexPropertyFormat" />
    </UnitTest>
    <UnitTest name="CurrencyFormat" storage="c:\oenning\projetos\on github\geekstuff-blog-posts\2012-01-07 - named string format\test\bin\debug\test.dll" id="05fbd0cd-ab24-51c8-1fc0-71a02de18622">
      <Execution id="48787dfa-d77d-46b1-9c72-2596a805537c" />
      <TestMethod codeBase="C:/Oenning/Projetos/On GitHub/GeekStuff-Blog-Posts/2012-01-07 - Named String Format/Test/bin/Debug/Test.DLL" adapterTypeName="Microsoft.VisualStudio.TestTools.TestTypes.Unit.UnitTestAdapter, Microsoft.VisualStudio.QualityTools.Tips.UnitTest.Adapter, Version=10.0.0.0, Culture=neutral, PublicKeyToken=b03f5f7f11d50a3a" className="Test.FormatInjectTest, Test, Version=1.0.0.0, Culture=neutral, PublicKeyToken=null" name="CurrencyFormat" />
    </UnitTest>
    <UnitTest name="MixPaddingAndCurrencyFormat" storage="c:\oenning\projetos\on github\geekstuff-blog-posts\2012-01-07 - named string format\test\bin\debug\test.dll" id="29d86e43-e91e-714d-2219-008a0475a760">
      <Execution id="c8716a5d-6464-4420-b99c-d41f44357333" />
      <TestMethod codeBase="C:/Oenning/Projetos/On GitHub/GeekStuff-Blog-Posts/2012-01-07 - Named String Format/Test/bin/Debug/Test.DLL" adapterTypeName="Microsoft.VisualStudio.TestTools.TestTypes.Unit.UnitTestAdapter, Microsoft.VisualStudio.QualityTools.Tips.UnitTest.Adapter, Version=10.0.0.0, Culture=neutral, PublicKeyToken=b03f5f7f11d50a3a" className="Test.FormatInjectTest, Test, Version=1.0.0.0, Culture=neutral, PublicKeyToken=null" name="MixPaddingAndCurrencyFormat" />
    </UnitTest>
    <UnitTest name="ClassWithTwoComplexNestedPropertyFormat" storage="c:\oenning\projetos\on github\geekstuff-blog-posts\2012-01-07 - named string format\test\bin\debug\test.dll" id="8113990f-e9ec-f65c-c423-5657f2197d30">
      <Execution id="3c393a22-8907-4d03-aa8a-85f1467b0728" />
      <TestMethod codeBase="C:/Oenning/Projetos/On GitHub/GeekStuff-Blog-Posts/2012-01-07 - Named String Format/Test/bin/Debug/Test.DLL" adapterTypeName="Microsoft.VisualStudio.TestTools.TestTypes.Unit.UnitTestAdapter, Microsoft.VisualStudio.QualityTools.Tips.UnitTest.Adapter, Version=10.0.0.0, Culture=neutral, PublicKeyToken=b03f5f7f11d50a3a" className="Test.FormatInjectTest, Test, Version=1.0.0.0, Culture=neutral, PublicKeyToken=null" name="ClassWithTwoComplexNestedPropertyFormat" />
    </UnitTest>
    <UnitTest name="DateFormat" storage="c:\oenning\projetos\on github\geekstuff-blog-posts\2012-01-07 - named string format\test\bin\debug\test.dll" id="d332fcb5-4dfb-86d4-9497-207c81e194a4">
      <Execution id="c34d1d68-da62-4e13-a0f2-e47b0912fb16" />
      <TestMethod codeBase="C:/Oenning/Projetos/On GitHub/GeekStuff-Blog-Posts/2012-01-07 - Named String Format/Test/bin/Debug/Test.DLL" adapterTypeName="Microsoft.VisualStudio.TestTools.TestTypes.Unit.UnitTestAdapter, Microsoft.VisualStudio.QualityTools.Tips.UnitTest.Adapter, Version=10.0.0.0, Culture=neutral, PublicKeyToken=b03f5f7f11d50a3a" className="Test.FormatInjectTest, Test, Version=1.0.0.0, Culture=neutral, PublicKeyToken=null" name="DateFormat" />
    </UnitTest>
    <UnitTest name="ClassComplexNestedPropertyFormat" storage="c:\oenning\projetos\on github\geekstuff-blog-posts\2012-01-07 - named string format\test\bin\debug\test.dll" id="55cd096a-84be-e10f-ac95-cc95e15d358e">
      <Execution id="76cf69ab-d581-4fdd-9381-55d7a375d7b3" />
      <TestMethod codeBase="C:/Oenning/Projetos/On GitHub/GeekStuff-Blog-Posts/2012-01-07 - Named String Format/Test/bin/Debug/Test.DLL" adapterTypeName="Microsoft.VisualStudio.TestTools.TestTypes.Unit.UnitTestAdapter, Microsoft.VisualStudio.QualityTools.Tips.UnitTest.Adapter, Version=10.0.0.0, Culture=neutral, PublicKeyToken=b03f5f7f11d50a3a" className="Test.FormatInjectTest, Test, Version=1.0.0.0, Culture=neutral, PublicKeyToken=null" name="ClassComplexNestedPropertyFormat" />
    </UnitTest>
    <UnitTest name="ClassSimplePropertyFormat" storage="c:\oenning\projetos\on github\geekstuff-blog-posts\2012-01-07 - named string format\test\bin\debug\test.dll" id="93b26089-dbdb-f2b0-1611-55f77ea89fec">
      <Execution id="a6f9b2fb-f112-4536-a3eb-1018f2aa5129" />
      <TestMethod codeBase="C:/Oenning/Projetos/On GitHub/GeekStuff-Blog-Posts/2012-01-07 - Named String Format/Test/bin/Debug/Test.DLL" adapterTypeName="Microsoft.VisualStudio.TestTools.TestTypes.Unit.UnitTestAdapter, Microsoft.VisualStudio.QualityTools.Tips.UnitTest.Adapter, Version=10.0.0.0, Culture=neutral, PublicKeyToken=b03f5f7f11d50a3a" className="Test.FormatInjectTest, Test, Version=1.0.0.0, Culture=neutral, PublicKeyToken=null" name="ClassSimplePropertyFormat" />
    </UnitTest>
    <UnitTest name="TwoAdvancedParametersFormat" storage="c:\oenning\projetos\on github\geekstuff-blog-posts\2012-01-07 - named string format\test\bin\debug\test.dll" id="fc8e1b13-aeaf-4f21-e4ba-479dbb87256a">
      <Execution id="f3a924b7-4562-4a27-82e9-6f1717cb7f48" />
      <TestMethod codeBase="C:/Oenning/Projetos/On GitHub/GeekStuff-Blog-Posts/2012-01-07 - Named String Format/Test/bin/Debug/Test.DLL" adapterTypeName="Microsoft.VisualStudio.TestTools.TestTypes.Unit.UnitTestAdapter, Microsoft.VisualStudio.QualityTools.Tips.UnitTest.Adapter, Version=10.0.0.0, Culture=neutral, PublicKeyToken=b03f5f7f11d50a3a" className="Test.FormatInjectTest, Test, Version=1.0.0.0, Culture=neutral, PublicKeyToken=null" name="TwoAdvancedParametersFormat" />
    </UnitTest>
    <UnitTest name="DoubleParameterFormat" storage="c:\oenning\projetos\on github\geekstuff-blog-posts\2012-01-07 - named string format\test\bin\debug\test.dll" id="19aedbce-7838-f128-7250-c42c4d7d7b7f">
      <Execution id="facd84ed-ae41-4968-bef9-25250dba541c" />
      <TestMethod codeBase="C:/Oenning/Projetos/On GitHub/GeekStuff-Blog-Posts/2012-01-07 - Named String Format/Test/bin/Debug/Test.DLL" adapterTypeName="Microsoft.VisualStudio.TestTools.TestTypes.Unit.UnitTestAdapter, Microsoft.VisualStudio.QualityTools.Tips.UnitTest.Adapter, Version=10.0.0.0, Culture=neutral, PublicKeyToken=b03f5f7f11d50a3a" className="Test.FormatInjectTest, Test, Version=1.0.0.0, Culture=neutral, PublicKeyToken=null" name="DoubleParameterFormat" />
    </UnitTest>
    <UnitTest name="AnotherCultureCurrencyFormat" storage="c:\oenning\projetos\on github\geekstuff-blog-posts\2012-01-07 - named string format\test\bin\debug\test.dll" id="e520cd88-8faf-6da4-1d27-407db9fd0187">
      <Execution id="7c2f15d9-966d-426c-9f8f-cf2cc5344f93" />
      <TestMethod codeBase="C:/Oenning/Projetos/On GitHub/GeekStuff-Blog-Posts/2012-01-07 - Named String Format/Test/bin/Debug/Test.DLL" adapterTypeName="Microsoft.VisualStudio.TestTools.TestTypes.Unit.UnitTestAdapter, Microsoft.VisualStudio.QualityTools.Tips.UnitTest.Adapter, Version=10.0.0.0, Culture=neutral, PublicKeyToken=b03f5f7f11d50a3a" className="Test.FormatInjectTest, Test, Version=1.0.0.0, Culture=neutral, PublicKeyToken=null" name="AnotherCultureCurrencyFormat" />
    </UnitTest>
    <UnitTest name="SingleParameterFormat" storage="c:\oenning\projetos\on github\geekstuff-blog-posts\2012-01-07 - named string format\test\bin\debug\test.dll" id="747087df-a23c-ffdb-c39c-9d4985cb2476">
      <Execution id="973e4739-de0f-4941-8125-c1f254372175" />
      <TestMethod codeBase="C:/Oenning/Projetos/On GitHub/GeekStuff-Blog-Posts/2012-01-07 - Named String Format/Test/bin/Debug/Test.DLL" adapterTypeName="Microsoft.VisualStudio.TestTools.TestTypes.Unit.UnitTestAdapter, Microsoft.VisualStudio.QualityTools.Tips.UnitTest.Adapter, Version=10.0.0.0, Culture=neutral, PublicKeyToken=b03f5f7f11d50a3a" className="Test.FormatInjectTest, Test, Version=1.0.0.0, Culture=neutral, PublicKeyToken=null" name="SingleParameterFormat" />
    </UnitTest>
    <UnitTest name="NumberFormat" storage="c:\oenning\projetos\on github\geekstuff-blog-posts\2012-01-07 - named string format\test\bin\debug\test.dll" id="6b0ff5b7-4ffe-4d72-486f-8abbbadf2572">
      <Execution id="cedb8673-02ad-45a3-89d7-83a378c3318a" />
      <TestMethod codeBase="C:/Oenning/Projetos/On GitHub/GeekStuff-Blog-Posts/2012-01-07 - Named String Format/Test/bin/Debug/Test.DLL" adapterTypeName="Microsoft.VisualStudio.TestTools.TestTypes.Unit.UnitTestAdapter, Microsoft.VisualStudio.QualityTools.Tips.UnitTest.Adapter, Version=10.0.0.0, Culture=neutral, PublicKeyToken=b03f5f7f11d50a3a" className="Test.FormatInjectTest, Test, Version=1.0.0.0, Culture=neutral, PublicKeyToken=null" name="NumberFormat" />
    </UnitTest>
    <UnitTest name="WhenNestedPropertyIsNotFound_ItShouldNotThrowException" storage="c:\oenning\projetos\on github\geekstuff-blog-posts\2012-01-07 - named string format\test\bin\debug\test.dll" id="3f2145d5-4438-7c42-59e1-3e2aafc10d4c">
      <Execution id="47c7efc8-effc-4da8-a219-930f555493bc" />
      <TestMethod codeBase="C:/Oenning/Projetos/On GitHub/GeekStuff-Blog-Posts/2012-01-07 - Named String Format/Test/bin/Debug/Test.DLL" adapterTypeName="Microsoft.VisualStudio.TestTools.TestTypes.Unit.UnitTestAdapter, Microsoft.VisualStudio.QualityTools.Tips.UnitTest.Adapter, Version=10.0.0.0, Culture=neutral, PublicKeyToken=b03f5f7f11d50a3a" className="Test.FormatInjectTest, Test, Version=1.0.0.0, Culture=neutral, PublicKeyToken=null" name="WhenNestedPropertyIsNotFound_ItShouldNotThrowException" />
    </UnitTest>
  </TestDefinitions>
  <TestLists>
    <TestList name="Results Not in a List" id="8c84fa94-04c1-424b-9868-57a2d4851a1d" />
    <TestList name="All Loaded Results" id="19431567-8539-422a-85d7-44ee4e166bda" />
  </TestLists>
  <TestEntries>
    <TestEntry testId="05fbd0cd-ab24-51c8-1fc0-71a02de18622" executionId="48787dfa-d77d-46b1-9c72-2596a805537c" testListId="8c84fa94-04c1-424b-9868-57a2d4851a1d" />
    <TestEntry testId="19aedbce-7838-f128-7250-c42c4d7d7b7f" executionId="facd84ed-ae41-4968-bef9-25250dba541c" testListId="8c84fa94-04c1-424b-9868-57a2d4851a1d" />
    <TestEntry testId="29d86e43-e91e-714d-2219-008a0475a760" executionId="c8716a5d-6464-4420-b99c-d41f44357333" testListId="8c84fa94-04c1-424b-9868-57a2d4851a1d" />
    <TestEntry testId="302454c6-de61-30f3-6529-852c429d8404" executionId="f295d4ab-6978-47e5-a245-7cbf7976b3c5" testListId="8c84fa94-04c1-424b-9868-57a2d4851a1d" />
    <TestEntry testId="3ba51edb-9636-fdd0-f13d-d909b3683872" executionId="3091bd4e-660c-45f7-bd04-c82ac39bf734" testListId="8c84fa94-04c1-424b-9868-57a2d4851a1d" />
    <TestEntry testId="3c8b2445-ceff-a5a1-30e9-f7df110eb019" executionId="9197a00a-9022-4f50-91bf-0b7d34fb5820" testListId="8c84fa94-04c1-424b-9868-57a2d4851a1d" />
    <TestEntry testId="3f2145d5-4438-7c42-59e1-3e2aafc10d4c" executionId="47c7efc8-effc-4da8-a219-930f555493bc" testListId="8c84fa94-04c1-424b-9868-57a2d4851a1d" />
    <TestEntry testId="55cd096a-84be-e10f-ac95-cc95e15d358e" executionId="76cf69ab-d581-4fdd-9381-55d7a375d7b3" testListId="8c84fa94-04c1-424b-9868-57a2d4851a1d" />
    <TestEntry testId="6b0ff5b7-4ffe-4d72-486f-8abbbadf2572" executionId="cedb8673-02ad-45a3-89d7-83a378c3318a" testListId="8c84fa94-04c1-424b-9868-57a2d4851a1d" />
    <TestEntry testId="747087df-a23c-ffdb-c39c-9d4985cb2476" executionId="973e4739-de0f-4941-8125-c1f254372175" testListId="8c84fa94-04c1-424b-9868-57a2d4851a1d" />
    <TestEntry testId="794e9e06-3de2-c689-f459-651e631772fb" executionId="6add5b2b-9204-48bf-bc8e-77a52f3d3677" testListId="8c84fa94-04c1-424b-9868-57a2d4851a1d" />
    <TestEntry testId="8113990f-e9ec-f65c-c423-5657f2197d30" executionId="3c393a22-8907-4d03-aa8a-85f1467b0728" testListId="8c84fa94-04c1-424b-9868-57a2d4851a1d" />
    <TestEntry testId="93b26089-dbdb-f2b0-1611-55f77ea89fec" executionId="a6f9b2fb-f112-4536-a3eb-1018f2aa5129" testListId="8c84fa94-04c1-424b-9868-57a2d4851a1d" />
    <TestEntry testId="ad91146c-b781-7ff8-a23b-e14a4ad6046e" executionId="f2d34f2d-f905-4500-b734-a0a1a4702ad0" testListId="8c84fa94-04c1-424b-9868-57a2d4851a1d" />
    <TestEntry testId="d332fcb5-4dfb-86d4-9497-207c81e194a4" executionId="c34d1d68-da62-4e13-a0f2-e47b0912fb16" testListId="8c84fa94-04c1-424b-9868-57a2d4851a1d" />
    <TestEntry testId="e520cd88-8faf-6da4-1d27-407db9fd0187" executionId="7c2f15d9-966d-426c-9f8f-cf2cc5344f93" testListId="8c84fa94-04c1-424b-9868-57a2d4851a1d" />
    <TestEntry testId="fc8e1b13-aeaf-4f21-e4ba-479dbb87256a" executionId="f3a924b7-4562-4a27-82e9-6f1717cb7f48" testListId="8c84fa94-04c1-424b-9868-57a2d4851a1d" />
  </TestEntries>
  <Results>
    <UnitTestResult executionId="48787dfa-d77d-46b1-9c72-2596a805537c" testId="05fbd0cd-ab24-51c8-1fc0-71a02de18622" testName="CurrencyFormat" computerName="NOTE-OENNING" duration="00:00:00.0317476" startTime="2012-01-06T19:22:34.0990000-02:00" endTime="2012-01-06T19:22:34.4670000-02:00" testType="13cdc9d9-ddb5-4fa4-a97d-d965ccfc6d4b" outcome="Passed" testListId="8c84fa94-04c1-424b-9868-57a2d4851a1d" relativeResultsDirectory="48787dfa-d77d-46b1-9c72-2596a805537c">
    </UnitTestResult>
    <UnitTestResult executionId="facd84ed-ae41-4968-bef9-25250dba541c" testId="19aedbce-7838-f128-7250-c42c4d7d7b7f" testName="DoubleParameterFormat" computerName="NOTE-OENNING" duration="00:00:00.0045204" startTime="2012-01-06T19:22:34.4730000-02:00" endTime="2012-01-06T19:22:34.4900000-02:00" testType="13cdc9d9-ddb5-4fa4-a97d-d965ccfc6d4b" outcome="Passed" testListId="8c84fa94-04c1-424b-9868-57a2d4851a1d" relativeResultsDirectory="facd84ed-ae41-4968-bef9-25250dba541c">
    </UnitTestResult>
    <UnitTestResult executionId="c8716a5d-6464-4420-b99c-d41f44357333" testId="29d86e43-e91e-714d-2219-008a0475a760" testName="MixPaddingAndCurrencyFormat" computerName="NOTE-OENNING" duration="00:00:00.0012155" startTime="2012-01-06T19:22:34.5030000-02:00" endTime="2012-01-06T19:22:34.5180000-02:00" testType="13cdc9d9-ddb5-4fa4-a97d-d965ccfc6d4b" outcome="Passed" testListId="8c84fa94-04c1-424b-9868-57a2d4851a1d" relativeResultsDirectory="c8716a5d-6464-4420-b99c-d41f44357333">
    </UnitTestResult>
    <UnitTestResult executionId="f295d4ab-6978-47e5-a245-7cbf7976b3c5" testId="302454c6-de61-30f3-6529-852c429d8404" testName="NoFormat" computerName="NOTE-OENNING" duration="00:00:00.0003592" startTime="2012-01-06T19:22:34.5330000-02:00" endTime="2012-01-06T19:22:34.5430000-02:00" testType="13cdc9d9-ddb5-4fa4-a97d-d965ccfc6d4b" outcome="Passed" testListId="8c84fa94-04c1-424b-9868-57a2d4851a1d" relativeResultsDirectory="f295d4ab-6978-47e5-a245-7cbf7976b3c5">
    </UnitTestResult>
    <UnitTestResult executionId="3091bd4e-660c-45f7-bd04-c82ac39bf734" testId="3ba51edb-9636-fdd0-f13d-d909b3683872" testName="SinglePaddingFormat" computerName="NOTE-OENNING" duration="00:00:00.0062309" startTime="2012-01-06T19:22:34.5510000-02:00" endTime="2012-01-06T19:22:34.5700000-02:00" testType="13cdc9d9-ddb5-4fa4-a97d-d965ccfc6d4b" outcome="Passed" testListId="8c84fa94-04c1-424b-9868-57a2d4851a1d" relativeResultsDirectory="3091bd4e-660c-45f7-bd04-c82ac39bf734">
    </UnitTestResult>
    <UnitTestResult executionId="9197a00a-9022-4f50-91bf-0b7d34fb5820" testId="3c8b2445-ceff-a5a1-30e9-f7df110eb019" testName="WhenPropertyIsNotFound_ItShouldNotThrowException" computerName="NOTE-OENNING" duration="00:00:00.0015904" startTime="2012-01-06T19:22:34.5800000-02:00" endTime="2012-01-06T19:22:34.5950000-02:00" testType="13cdc9d9-ddb5-4fa4-a97d-d965ccfc6d4b" outcome="Passed" testListId="8c84fa94-04c1-424b-9868-57a2d4851a1d" relativeResultsDirectory="9197a00a-9022-4f50-91bf-0b7d34fb5820">
    </UnitTestResult>
    <UnitTestResult executionId="47c7efc8-effc-4da8-a219-930f555493bc" testId="3f2145d5-4438-7c42-59e1-3e2aafc10d4c" testName="WhenNestedPropertyIsNotFound_ItShouldNotThrowException" computerName="NOTE-OENNING" duration="00:00:00.0005028" startTime="2012-01-06T19:22:34.6040000-02:00" endTime="2012-01-06T19:22:34.6150000-02:00" testType="13cdc9d9-ddb5-4fa4-a97d-d965ccfc6d4b" outcome="Passed" testListId="8c84fa94-04c1-424b-9868-57a2d4851a1d" relativeResultsDirectory="47c7efc8-effc-4da8-a219-930f555493bc">
    </UnitTestResult>
    <UnitTestResult executionId="76cf69ab-d581-4fdd-9381-55d7a375d7b3" testId="55cd096a-84be-e10f-ac95-cc95e15d358e" testName="ClassComplexNestedPropertyFormat" computerName="NOTE-OENNING" duration="00:00:00.0064247" startTime="2012-01-06T19:22:34.6200000-02:00" endTime="2012-01-06T19:22:34.6440000-02:00" testType="13cdc9d9-ddb5-4fa4-a97d-d965ccfc6d4b" outcome="Passed" testListId="8c84fa94-04c1-424b-9868-57a2d4851a1d" relativeResultsDirectory="76cf69ab-d581-4fdd-9381-55d7a375d7b3">
    </UnitTestResult>
    <UnitTestResult executionId="cedb8673-02ad-45a3-89d7-83a378c3318a" testId="6b0ff5b7-4ffe-4d72-486f-8abbbadf2572" testName="NumberFormat" computerName="NOTE-OENNING" duration="00:00:00.0027573" startTime="2012-01-06T19:22:34.6610000-02:00" endTime="2012-01-06T19:22:34.6730000-02:00" testType="13cdc9d9-ddb5-4fa4-a97d-d965ccfc6d4b" outcome="Passed" testListId="8c84fa94-04c1-424b-9868-57a2d4851a1d" relativeResultsDirectory="cedb8673-02ad-45a3-89d7-83a378c3318a">
    </UnitTestResult>
    <UnitTestResult executionId="973e4739-de0f-4941-8125-c1f254372175" testId="747087df-a23c-ffdb-c39c-9d4985cb2476" testName="SingleParameterFormat" computerName="NOTE-OENNING" duration="00:00:00.0018995" startTime="2012-01-06T19:22:34.6870000-02:00" endTime="2012-01-06T19:22:34.6980000-02:00" testType="13cdc9d9-ddb5-4fa4-a97d-d965ccfc6d4b" outcome="Passed" testListId="8c84fa94-04c1-424b-9868-57a2d4851a1d" relativeResultsDirectory="973e4739-de0f-4941-8125-c1f254372175">
    </UnitTestResult>
    <UnitTestResult executionId="6add5b2b-9204-48bf-bc8e-77a52f3d3677" testId="794e9e06-3de2-c689-f459-651e631772fb" testName="ClassComplexPropertyFormat" computerName="NOTE-OENNING" duration="00:00:00.0010191" startTime="2012-01-06T19:22:34.7110000-02:00" endTime="2012-01-06T19:22:34.7190000-02:00" testType="13cdc9d9-ddb5-4fa4-a97d-d965ccfc6d4b" outcome="Passed" testListId="8c84fa94-04c1-424b-9868-57a2d4851a1d" relativeResultsDirectory="6add5b2b-9204-48bf-bc8e-77a52f3d3677">
    </UnitTestResult>
    <UnitTestResult executionId="3c393a22-8907-4d03-aa8a-85f1467b0728" testId="8113990f-e9ec-f65c-c423-5657f2197d30" testName="ClassWithTwoComplexNestedPropertyFormat" computerName="NOTE-OENNING" duration="00:00:00.0010566" startTime="2012-01-06T19:22:34.7240000-02:00" endTime="2012-01-06T19:22:34.7370000-02:00" testType="13cdc9d9-ddb5-4fa4-a97d-d965ccfc6d4b" outcome="Passed" testListId="8c84fa94-04c1-424b-9868-57a2d4851a1d" relativeResultsDirectory="3c393a22-8907-4d03-aa8a-85f1467b0728">
    </UnitTestResult>
    <UnitTestResult executionId="a6f9b2fb-f112-4536-a3eb-1018f2aa5129" testId="93b26089-dbdb-f2b0-1611-55f77ea89fec" testName="ClassSimplePropertyFormat" computerName="NOTE-OENNING" duration="00:00:00.0028133" startTime="2012-01-06T19:22:34.7440000-02:00" endTime="2012-01-06T19:22:34.7550000-02:00" testType="13cdc9d9-ddb5-4fa4-a97d-d965ccfc6d4b" outcome="Passed" testListId="8c84fa94-04c1-424b-9868-57a2d4851a1d" relativeResultsDirectory="a6f9b2fb-f112-4536-a3eb-1018f2aa5129">
    </UnitTestResult>
    <UnitTestResult executionId="f2d34f2d-f905-4500-b734-a0a1a4702ad0" testId="ad91146c-b781-7ff8-a23b-e14a4ad6046e" testName="ClassComplexPropertyWithPaddingFormat" computerName="NOTE-OENNING" duration="00:00:00.0038563" startTime="2012-01-06T19:22:34.7660000-02:00" endTime="2012-01-06T19:22:34.7760000-02:00" testType="13cdc9d9-ddb5-4fa4-a97d-d965ccfc6d4b" outcome="Passed" testListId="8c84fa94-04c1-424b-9868-57a2d4851a1d" relativeResultsDirectory="f2d34f2d-f905-4500-b734-a0a1a4702ad0">
    </UnitTestResult>
    <UnitTestResult executionId="c34d1d68-da62-4e13-a0f2-e47b0912fb16" testId="d332fcb5-4dfb-86d4-9497-207c81e194a4" testName="DateFormat" computerName="NOTE-OENNING" duration="00:00:00.0032467" startTime="2012-01-06T19:22:34.7830000-02:00" endTime="2012-01-06T19:22:34.7910000-02:00" testType="13cdc9d9-ddb5-4fa4-a97d-d965ccfc6d4b" outcome="Passed" testListId="8c84fa94-04c1-424b-9868-57a2d4851a1d" relativeResultsDirectory="c34d1d68-da62-4e13-a0f2-e47b0912fb16">
    </UnitTestResult>
    <UnitTestResult executionId="7c2f15d9-966d-426c-9f8f-cf2cc5344f93" testId="e520cd88-8faf-6da4-1d27-407db9fd0187" testName="AnotherCultureCurrencyFormat" computerName="NOTE-OENNING" duration="00:00:00.0042102" startTime="2012-01-06T19:22:34.8050000-02:00" endTime="2012-01-06T19:22:34.8150000-02:00" testType="13cdc9d9-ddb5-4fa4-a97d-d965ccfc6d4b" outcome="Passed" testListId="8c84fa94-04c1-424b-9868-57a2d4851a1d" relativeResultsDirectory="7c2f15d9-966d-426c-9f8f-cf2cc5344f93">
    </UnitTestResult>
    <UnitTestResult executionId="f3a924b7-4562-4a27-82e9-6f1717cb7f48" testId="fc8e1b13-aeaf-4f21-e4ba-479dbb87256a" testName="TwoAdvancedParametersFormat" computerName="NOTE-OENNING" duration="00:00:00.0022211" startTime="2012-01-06T19:22:34.8210000-02:00" endTime="2012-01-06T19:22:34.8280000-02:00" testType="13cdc9d9-ddb5-4fa4-a97d-d965ccfc6d4b" outcome="Passed" testListId="8c84fa94-04c1-424b-9868-57a2d4851a1d" relativeResultsDirectory="f3a924b7-4562-4a27-82e9-6f1717cb7f48">
    </UnitTestResult>
  </Results>
</TestRun>